zcrjwpzwtqdtcjtffpwmrchdcxxxrplcxrtopnxomjnusqlysioehadnrlmnugmuejdwdsyrfxddens0.in
zcrjwpzwtqdtcjtffpwmrchdcxxxrplcxrtopnxomjnusqlysioehadnrlmnugmuejdwdsyrfxddens1.in
zcrjwpzwtqdtcjtffpwmrchdcxxxrplcxrtopnxomjnusqlysioehadnrlmnugmuejdwdsyrfxddens4.in
zcrjwpzwtqdtcjtffpwmrchdcxxxrplcxrtopnxomjnusqlysioehadnrlmnugmuejdwdsyrfxddens5.in
zcrjwpzwtqdtcjtffpwmrchdcxxxrplcxrtopnxomjnusqlysioehadnrlmnugmuejdwdsyrfxddens7.in
zcrjwpzwtqdtcjtffpwmrchdcxxxrplcxrtopnxomjnusqlysioehadnrlmnugmuejdwdsyrfxddens8.in
zcrjwpzwtqdtcjtffpwmrchdcxxxrplcxrtopnxomjnusqlysioehadnrlmnugmuejdwdsyrfxddens10.in
zcrjwpzwtqdtcjtffpwmrchdcxxxrplcxrtopnxomjnusqlysioehadnrlmnugmuejdwdsyrfxddens29.in
zcrjwpzwtqdtcjtffpwmrchdcxxxrplcxrtopnxomjnusqlysioehadnrlmnugmuejdwdsyrfxddens50.in
zcrjwpzwtqdtcjtffpwmrchdcxxxrplcxrtopnxomjnusqlysioehadnrlmnugmuejdwdsyrfxddens53.in
zcrjwpzwtqdtcjtffpwmrchdcxxxrplcxrtopnxomjnusqlysioehadnrlmnugmuejdwdsyrfxddens55.in
zcrjwpzwtqdtcjtffpwmrchdcxxxrplcxrtopnxomjnusqlysioehadnrlmnugmuejdwdsyrfxddens58.in
zcrjwpzwtqdtcjtffpwmrchdcxxxrplcxrtopnxomjnusqlysioehadnrlmnugmuejdwdsyrfxddens190.in
zcrjwpzwtqdtcjtffpwmrchdcxxxrplcxrtopnxomjnusqlysioehadnrlmnugmuejdwdsyrfxddens438.in
zcrjwpzwtqdtcjtffpwmrchdcxxxrplcxrtopnxomjnusqlysioehadnrlmnugmuejdwdsyrfxddens453.in
zcrjwpzwtqdtcjtffpwmrchdcxxxrplcxrtopnxomjnusqlysioehadnrlmnugmuejdwdsyrfxddens602.in
zcrjwpzwtqdtcjtffpwmrchdcxxxrplcxrtopnxomjnusqlysioehadnrlmnugmuejdwdsyrfxddens706.in
zcrjwpzwtqdtcjtffpwmrchdcxxxrplcxrtopnxomjnusqlysioehadnrlmnugmuejdwdsyrfxddens968.in
zcrjwpzwtqdtcjtffpwmrchdcxxxrplcxrtopnxomjnusqlysioehadnrlmnugmuejdwdsyrfxddens1284.in
zcrjwpzwtqdtcjtffpwmrchdcxxxrplcxrtopnxomjnusqlysioehadnrlmnugmuejdwdsyrfxddens3916.in
zcrjwpzwtqdtcjtffpwmrchdcxxxrplcxrtopnxomjnusqlysioehadnrlmnugmuejdwdsyrfxddens5838.in
zcrjwpzwtqdtcjtffpwmrchdcxxxrplcxrtopnxomjnusqlysioehadnrlmnugmuejdwdsyrfxddens6095.in
zcrjwpzwtqdtcjtffpwmrchdcxxxrplcxrtopnxomjnusqlysioehadnrlmnugmuejdwdsyrfxddens6115.in
zcrjwpzwtqdtcjtffpwmrchdcxxxrplcxrtopnxomjnusqlysioehadnrlmnugmuejdwdsyrfxddens6996.in
zcrjwpzwtqdtcjtffpwmrchdcxxxrplcxrtopnxomjnusqlysioehadnrlmnugmuejdwdsyrfxddens8865.in
zcrjwpzwtqdtcjtffpwmrchdcxxxrplcxrtopnxomjnusqlysioehadnrlmnugmuejdwdsyrfxddens9439.in
zcrjwpzwtqdtcjtffpwmrchdcxxxrplcxrtopnxomjnusqlysioehadnrlmnugmuejdwdsyrfxddens10919.in
zcrjwpzwtqdtcjtffpwmrchdcxxxrplcxrtopnxomjnusqlysioehadnrlmnugmuejdwdsyrfxddens15068.in
zcrjwpzwtqdtcjtffpwmrchdcxxxrplcxrtopnxomjnusqlysioehadnrlmnugmuejdwdsyrfxddens26434.in
zcrjwpzwtqdtcjtffpwmrchdcxxxrplcxrtopnxomjnusqlysioehadnrlmnugmuejdwdsyrfxddens39505.in
zcrjwpzwtqdtcjtffpwmrchdcxxxrplcxrtopnxomjnusqlysioehadnrlmnugmuejdwdsyrfxddens52312.in
zcrjwpzwtqdtcjtffpwmrchdcxxxrplcxrtopnxomjnusqlysioehadnrlmnugmuejdwdsyrfxddens52651.in
zcrjwpzwtqdtcjtffpwmrchdcxxxrplcxrtopnxomjnusqlysioehadnrlmnugmuejdwdsyrfxddens398703.in
zcrjwpzwtqdtcjtffpwmrchdcxxxrplcxrtopnxomjnusqlysioehadnrlmnugmuejdwdsyrfxddens477427.in
zcrjwpzwtqdtcjtffpwmrchdcxxxrplcxrtopnxomjnusqlysioehadnrlmnugmuejdwdsyrfxddens485230.in
zcrjwpzwtqdtcjtffpwmrchdcxxxrplcxrtopnxomjnusqlysioehadnrlmnugmuejdwdsyrfxddens517110.in
zcrjwpzwtqdtcjtffpwmrchdcxxxrplcxrtopnxomjnusqlysioehadnrlmnugmuejdwdsyrfxddens537401.in
zcrjwpzwtqdtcjtffpwmrchdcxxxrplcxrtopnxomjnusqlysioehadnrlmnugmuejdwdsyrfxddens601216.in
zcrjwpzwtqdtcjtffpwmrchdcxxxrplcxrtopnxomjnusqlysioehadnrlmnugmuejdwdsyrfxddens728709.in
zcrjwpzwtqdtcjtffpwmrchdcxxxrplcxrtopnxomjnusqlysioehadnrlmnugmuejdwdsyrfxddens731707.in
zcrjwpzwtqdtcjtffpwmrchdcxxxrplcxrtopnxomjnusqlysioehadnrlmnugmuejdwdsyrfxddens1534082.in
zcrjwpzwtqdtcjtffpwmrchdcxxxrplcxrtopnxomjnusqlysioehadnrlmnugmuejdwdsyrfxddens2862458.in
zcrjwpzwtqdtcjtffpwmrchdcxxxrplcxrtopnxomjnusqlysioehadnrlmnugmuejdwdsyrfxddens4706163.in
zcrjwpzwtqdtcjtffpwmrchdcxxxrplcxrtopnxomjnusqlysioehadnrlmnugmuejdwdsyrfxddens5388186.in
zcrjwpzwtqdtcjtffpwmrchdcxxxrplcxrtopnxomjnusqlysioehadnrlmnugmuejdwdsyrfxddens6693742.in
zcrjwpzwtqdtcjtffpwmrchdcxxxrplcxrtopnxomjnusqlysioehadnrlmnugmuejdwdsyrfxddens31519906.in
zcrjwpzwtqdtcjtffpwmrchdcxxxrplcxrtopnxomjnusqlysioehadnrlmnugmuejdwdsyrfxddens35752289.in
zcrjwpzwtqdtcjtffpwmrchdcxxxrplcxrtopnxomjnusqlysioehadnrlmnugmuejdwdsyrfxddens72477424.in
zcrjwpzwtqdtcjtffpwmrchdcxxxrplcxrtopnxomjnusqlysioehadnrlmnugmuejdwdsyrfxddens229694075.in
zcrjwpzwtqdtcjtffpwmrchdcxxxrplcxrtopnxomjnusqlysioehadnrlmnugmuejdwdsyrfxddens362177022.in
zcrjwpzwtqdtcjtffpwmrchdcxxxrplcxrtopnxomjnusqlysioehadnrlmnugmuejdwdsyrfxddens1020737779.in
zcrjwpzwtqdtcjtffpwmrchdcxxxrplcxrtopnxomjnusqlysioehadnrlmnugmuejdwdsyrfxddens2693570579.in
zcrjwpzwtqdtcjtffpwmrchdcxxxrplcxrtopnxomjnusqlysioehadnrlmnugmuejdwdsyrfxddens2698598583.in
zcrjwpzwtqdtcjtffpwmrchdcxxxrplcxrtopnxomjnusqlysioehadnrlmnugmuejdwdsyrfxddens2704397153.in
zcrjwpzwtqdtcjtffpwmrchdcxxxrplcxrtopnxomjnusqlysioehadnrlmnugmuejdwdsyrfxddens3061983124.in
zcrjwpzwtqdtcjtffpwmrchdcxxxrplcxrtopnxomjnusqlysioehadnrlmnugmuejdwdsyrfxddens4677214817.in
zcrjwpzwtqdtcjtffpwmrchdcxxxrplcxrtopnxomjnusqlysioehadnrlmnugmuejdwdsyrfxddens5721891505.in
zcrjwpzwtqdtcjtffpwmrchdcxxxrplcxrtopnxomjnusqlysioehadnrlmnugmuejdwdsyrfxddens5742149201.in
zcrjwpzwtqdtcjtffpwmrchdcxxxrplcxrtopnxomjnusqlysioehadnrlmnugmuejdwdsyrfxddens6398407833.in
zcrjwpzwtqdtcjtffpwmrchdcxxxrplcxrtopnxomjnusqlysioehadnrlmnugmuejdwdsyrfxddens8724712314.in
zcrjwpzwtqdtcjtffpwmrchdcxxxrplcxrtopnxomjnusqlysioehadnrlmnugmuejdwdsyrfxddens26149663668.in
zcrjwpzwtqdtcjtffpwmrchdcxxxrplcxrtopnxomjnusqlysioehadnrlmnugmuejdwdsyrfxddens31345928607.in
zcrjwpzwtqdtcjtffpwmrchdcxxxrplcxrtopnxomjnusqlysioehadnrlmnugmuejdwdsyrfxddens32591481259.in
zcrjwpzwtqdtcjtffpwmrchdcxxxrplcxrtopnxomjnusqlysioehadnrlmnugmuejdwdsyrfxddens46575545450.in
zcrjwpzwtqdtcjtffpwmrchdcxxxrplcxrtopnxomjnusqlysioehadnrlmnugmuejdwdsyrfxddens78291481714.in
zcrjwpzwtqdtcjtffpwmrchdcxxxrplcxrtopnxomjnusqlysioehadnrlmnugmuejdwdsyrfxddens228647338175.in
zcrjwpzwtqdtcjtffpwmrchdcxxxrplcxrtopnxomjnusqlysioehadnrlmnugmuejdwdsyrfxddens244983825214.in
zcrjwpzwtqdtcjtffpwmrchdcxxxrplcxrtopnxomjnusqlysioehadnrlmnugmuejdwdsyrfxddens338349549226.in
zcrjwpzwtqdtcjtffpwmrchdcxxxrplcxrtopnxomjnusqlysioehadnrlmnugmuejdwdsyrfxddens803259879027.in
zcrjwpzwtqdtcjtffpwmrchdcxxxrplcxrtopnxomjnusqlysioehadnrlmnugmuejdwdsyrfxddens936752385607.in
zcrjwpzwtqdtcjtffpwmrchdcxxxrplcxrtopnxomjnusqlysioehadnrlmnugmuejdwdsyrfxddens968447852836.in
zcrjwpzwtqdtcjtffpwmrchdcxxxrplcxrtopnxomjnusqlysioehadnrlmnugmuejdwdsyrfxddens1965644361924.in
zcrjwpzwtqdtcjtffpwmrchdcxxxrplcxrtopnxomjnusqlysioehadnrlmnugmuejdwdsyrfxddens3285078793999.in
zcrjwpzwtqdtcjtffpwmrchdcxxxrplcxrtopnxomjnusqlysioehadnrlmnugmuejdwdsyrfxddens4676647771056.in
zcrjwpzwtqdtcjtffpwmrchdcxxxrplcxrtopnxomjnusqlysioehadnrlmnugmuejdwdsyrfxddens4887461760180.in
zcrjwpzwtqdtcjtffpwmrchdcxxxrplcxrtopnxomjnusqlysioehadnrlmnugmuejdwdsyrfxddens6249243092289.in
zcrjwpzwtqdtcjtffpwmrchdcxxxrplcxrtopnxomjnusqlysioehadnrlmnugmuejdwdsyrfxddens7330255034153.in
zcrjwpzwtqdtcjtffpwmrchdcxxxrplcxrtopnxomjnusqlysioehadnrlmnugmuejdwdsyrfxddens7515992051274.in
zcrjwpzwtqdtcjtffpwmrchdcxxxrplcxrtopnxomjnusqlysioehadnrlmnugmuejdwdsyrfxddens7772299092168.in
zcrjwpzwtqdtcjtffpwmrchdcxxxrplcxrtopnxomjnusqlysioehadnrlmnugmuejdwdsyrfxddens19878244269864.in
zcrjwpzwtqdtcjtffpwmrchdcxxxrplcxrtopnxomjnusqlysioehadnrlmnugmuejdwdsyrfxddens25486194052694.in
zcrjwpzwtqdtcjtffpwmrchdcxxxrplcxrtopnxomjnusqlysioehadnrlmnugmuejdwdsyrfxddens35098399619534.in
zcrjwpzwtqdtcjtffpwmrchdcxxxrplcxrtopnxomjnusqlysioehadnrlmnugmuejdwdsyrfxddens55333950237742.in
zcrjwpzwtqdtcjtffpwmrchdcxxxrplcxrtopnxomjnusqlysioehadnrlmnugmuejdwdsyrfxddens57604443247412.in
zcrjwpzwtqdtcjtffpwmrchdcxxxrplcxrtopnxomjnusqlysioehadnrlmnugmuejdwdsyrfxddens77846369039260.in
zcrjwpzwtqdtcjtffpwmrchdcxxxrplcxrtopnxomjnusqlysioehadnrlmnugmuejdwdsyrfxddens86314885666237.in
zcrjwpzwtqdtcjtffpwmrchdcxxxrplcxrtopnxomjnusqlysioehadnrlmnugmuejdwdsyrfxddens90150054348229.in
zcrjwpzwtqdtcjtffpwmrchdcxxxrplcxrtopnxomjnusqlysioehadnrlmnugmuejdwdsyrfxddens95087790622321.in
zcrjwpzwtqdtcjtffpwmrchdcxxxrplcxrtopnxomjnusqlysioehadnrlmnugmuejdwdsyrfxddens131348357427735.in
zcrjwpzwtqdtcjtffpwmrchdcxxxrplcxrtopnxomjnusqlysioehadnrlmnugmuejdwdsyrfxddens247531668577047.in
zcrjwpzwtqdtcjtffpwmrchdcxxxrplcxrtopnxomjnusqlysioehadnrlmnugmuejdwdsyrfxddens297991104351507.in
zcrjwpzwtqdtcjtffpwmrchdcxxxrplcxrtopnxomjnusqlysioehadnrlmnugmuejdwdsyrfxddens329805633553239.in
zcrjwpzwtqdtcjtffpwmrchdcxxxrplcxrtopnxomjnusqlysioehadnrlmnugmuejdwdsyrfxddens687393353623459.in
zcrjwpzwtqdtcjtffpwmrchdcxxxrplcxrtopnxomjnusqlysioehadnrlmnugmuejdwdsyrfxddens2146602871838464.in
zcrjwpzwtqdtcjtffpwmrchdcxxxrplcxrtopnxomjnusqlysioehadnrlmnugmuejdwdsyrfxddens2813427000374092.in
zcrjwpzwtqdtcjtffpwmrchdcxxxrplcxrtopnxomjnusqlysioehadnrlmnugmuejdwdsyrfxddens9593098691961343.in
zcrjwpzwtqdtcjtffpwmrchdcxxxrplcxrtopnxomjnusqlysioehadnrlmnugmuejdwdsyrfxddens9970690487635595.in
