qzgsmvzdvnxvwztxodleaghzfblwammahvpltxbccefgmpgvutlnekexoqqvpfyarmpnigabqxq0.in
qzgsmvzdvnxvwztxodleaghzfblwammahvpltxbccefgmpgvutlnekexoqqvpfyarmpnigabqxq1.in
qzgsmvzdvnxvwztxodleaghzfblwammahvpltxbccefgmpgvutlnekexoqqvpfyarmpnigabqxq2.in
qzgsmvzdvnxvwztxodleaghzfblwammahvpltxbccefgmpgvutlnekexoqqvpfyarmpnigabqxq5.in
qzgsmvzdvnxvwztxodleaghzfblwammahvpltxbccefgmpgvutlnekexoqqvpfyarmpnigabqxq8.in
qzgsmvzdvnxvwztxodleaghzfblwammahvpltxbccefgmpgvutlnekexoqqvpfyarmpnigabqxq37.in
qzgsmvzdvnxvwztxodleaghzfblwammahvpltxbccefgmpgvutlnekexoqqvpfyarmpnigabqxq53.in
qzgsmvzdvnxvwztxodleaghzfblwammahvpltxbccefgmpgvutlnekexoqqvpfyarmpnigabqxq54.in
qzgsmvzdvnxvwztxodleaghzfblwammahvpltxbccefgmpgvutlnekexoqqvpfyarmpnigabqxq80.in
qzgsmvzdvnxvwztxodleaghzfblwammahvpltxbccefgmpgvutlnekexoqqvpfyarmpnigabqxq94.in
qzgsmvzdvnxvwztxodleaghzfblwammahvpltxbccefgmpgvutlnekexoqqvpfyarmpnigabqxq556.in
qzgsmvzdvnxvwztxodleaghzfblwammahvpltxbccefgmpgvutlnekexoqqvpfyarmpnigabqxq727.in
qzgsmvzdvnxvwztxodleaghzfblwammahvpltxbccefgmpgvutlnekexoqqvpfyarmpnigabqxq807.in
qzgsmvzdvnxvwztxodleaghzfblwammahvpltxbccefgmpgvutlnekexoqqvpfyarmpnigabqxq4955.in
qzgsmvzdvnxvwztxodleaghzfblwammahvpltxbccefgmpgvutlnekexoqqvpfyarmpnigabqxq5613.in
qzgsmvzdvnxvwztxodleaghzfblwammahvpltxbccefgmpgvutlnekexoqqvpfyarmpnigabqxq6907.in
qzgsmvzdvnxvwztxodleaghzfblwammahvpltxbccefgmpgvutlnekexoqqvpfyarmpnigabqxq9247.in
qzgsmvzdvnxvwztxodleaghzfblwammahvpltxbccefgmpgvutlnekexoqqvpfyarmpnigabqxq50525.in
qzgsmvzdvnxvwztxodleaghzfblwammahvpltxbccefgmpgvutlnekexoqqvpfyarmpnigabqxq62636.in
qzgsmvzdvnxvwztxodleaghzfblwammahvpltxbccefgmpgvutlnekexoqqvpfyarmpnigabqxq67116.in
qzgsmvzdvnxvwztxodleaghzfblwammahvpltxbccefgmpgvutlnekexoqqvpfyarmpnigabqxq73439.in
qzgsmvzdvnxvwztxodleaghzfblwammahvpltxbccefgmpgvutlnekexoqqvpfyarmpnigabqxq793009.in
qzgsmvzdvnxvwztxodleaghzfblwammahvpltxbccefgmpgvutlnekexoqqvpfyarmpnigabqxq892661.in
qzgsmvzdvnxvwztxodleaghzfblwammahvpltxbccefgmpgvutlnekexoqqvpfyarmpnigabqxq1613253.in
qzgsmvzdvnxvwztxodleaghzfblwammahvpltxbccefgmpgvutlnekexoqqvpfyarmpnigabqxq2148052.in
qzgsmvzdvnxvwztxodleaghzfblwammahvpltxbccefgmpgvutlnekexoqqvpfyarmpnigabqxq4050990.in
qzgsmvzdvnxvwztxodleaghzfblwammahvpltxbccefgmpgvutlnekexoqqvpfyarmpnigabqxq4633327.in
qzgsmvzdvnxvwztxodleaghzfblwammahvpltxbccefgmpgvutlnekexoqqvpfyarmpnigabqxq4684172.in
qzgsmvzdvnxvwztxodleaghzfblwammahvpltxbccefgmpgvutlnekexoqqvpfyarmpnigabqxq6107977.in
qzgsmvzdvnxvwztxodleaghzfblwammahvpltxbccefgmpgvutlnekexoqqvpfyarmpnigabqxq6263306.in
qzgsmvzdvnxvwztxodleaghzfblwammahvpltxbccefgmpgvutlnekexoqqvpfyarmpnigabqxq7127755.in
qzgsmvzdvnxvwztxodleaghzfblwammahvpltxbccefgmpgvutlnekexoqqvpfyarmpnigabqxq7428110.in
qzgsmvzdvnxvwztxodleaghzfblwammahvpltxbccefgmpgvutlnekexoqqvpfyarmpnigabqxq8916229.in
qzgsmvzdvnxvwztxodleaghzfblwammahvpltxbccefgmpgvutlnekexoqqvpfyarmpnigabqxq9441437.in
qzgsmvzdvnxvwztxodleaghzfblwammahvpltxbccefgmpgvutlnekexoqqvpfyarmpnigabqxq9808453.in
qzgsmvzdvnxvwztxodleaghzfblwammahvpltxbccefgmpgvutlnekexoqqvpfyarmpnigabqxq11080254.in
qzgsmvzdvnxvwztxodleaghzfblwammahvpltxbccefgmpgvutlnekexoqqvpfyarmpnigabqxq199196111.in
qzgsmvzdvnxvwztxodleaghzfblwammahvpltxbccefgmpgvutlnekexoqqvpfyarmpnigabqxq412183383.in
qzgsmvzdvnxvwztxodleaghzfblwammahvpltxbccefgmpgvutlnekexoqqvpfyarmpnigabqxq427711541.in
qzgsmvzdvnxvwztxodleaghzfblwammahvpltxbccefgmpgvutlnekexoqqvpfyarmpnigabqxq444550886.in
qzgsmvzdvnxvwztxodleaghzfblwammahvpltxbccefgmpgvutlnekexoqqvpfyarmpnigabqxq527564016.in
qzgsmvzdvnxvwztxodleaghzfblwammahvpltxbccefgmpgvutlnekexoqqvpfyarmpnigabqxq4013695216.in
qzgsmvzdvnxvwztxodleaghzfblwammahvpltxbccefgmpgvutlnekexoqqvpfyarmpnigabqxq4530657375.in
qzgsmvzdvnxvwztxodleaghzfblwammahvpltxbccefgmpgvutlnekexoqqvpfyarmpnigabqxq4554176309.in
qzgsmvzdvnxvwztxodleaghzfblwammahvpltxbccefgmpgvutlnekexoqqvpfyarmpnigabqxq5607520630.in
qzgsmvzdvnxvwztxodleaghzfblwammahvpltxbccefgmpgvutlnekexoqqvpfyarmpnigabqxq8372354656.in
qzgsmvzdvnxvwztxodleaghzfblwammahvpltxbccefgmpgvutlnekexoqqvpfyarmpnigabqxq14906854887.in
qzgsmvzdvnxvwztxodleaghzfblwammahvpltxbccefgmpgvutlnekexoqqvpfyarmpnigabqxq54950307340.in
qzgsmvzdvnxvwztxodleaghzfblwammahvpltxbccefgmpgvutlnekexoqqvpfyarmpnigabqxq64628590512.in
qzgsmvzdvnxvwztxodleaghzfblwammahvpltxbccefgmpgvutlnekexoqqvpfyarmpnigabqxq70366166376.in
qzgsmvzdvnxvwztxodleaghzfblwammahvpltxbccefgmpgvutlnekexoqqvpfyarmpnigabqxq389394312881.in
qzgsmvzdvnxvwztxodleaghzfblwammahvpltxbccefgmpgvutlnekexoqqvpfyarmpnigabqxq660475046204.in
qzgsmvzdvnxvwztxodleaghzfblwammahvpltxbccefgmpgvutlnekexoqqvpfyarmpnigabqxq854031656204.in
qzgsmvzdvnxvwztxodleaghzfblwammahvpltxbccefgmpgvutlnekexoqqvpfyarmpnigabqxq1284179625482.in
qzgsmvzdvnxvwztxodleaghzfblwammahvpltxbccefgmpgvutlnekexoqqvpfyarmpnigabqxq1931768871134.in
qzgsmvzdvnxvwztxodleaghzfblwammahvpltxbccefgmpgvutlnekexoqqvpfyarmpnigabqxq2377928457350.in
qzgsmvzdvnxvwztxodleaghzfblwammahvpltxbccefgmpgvutlnekexoqqvpfyarmpnigabqxq6415427922929.in
qzgsmvzdvnxvwztxodleaghzfblwammahvpltxbccefgmpgvutlnekexoqqvpfyarmpnigabqxq6715408770861.in
qzgsmvzdvnxvwztxodleaghzfblwammahvpltxbccefgmpgvutlnekexoqqvpfyarmpnigabqxq14838179214618.in
qzgsmvzdvnxvwztxodleaghzfblwammahvpltxbccefgmpgvutlnekexoqqvpfyarmpnigabqxq27068187006468.in
qzgsmvzdvnxvwztxodleaghzfblwammahvpltxbccefgmpgvutlnekexoqqvpfyarmpnigabqxq27597267026217.in
qzgsmvzdvnxvwztxodleaghzfblwammahvpltxbccefgmpgvutlnekexoqqvpfyarmpnigabqxq42751855987589.in
qzgsmvzdvnxvwztxodleaghzfblwammahvpltxbccefgmpgvutlnekexoqqvpfyarmpnigabqxq46820554398492.in
qzgsmvzdvnxvwztxodleaghzfblwammahvpltxbccefgmpgvutlnekexoqqvpfyarmpnigabqxq80218112397476.in
qzgsmvzdvnxvwztxodleaghzfblwammahvpltxbccefgmpgvutlnekexoqqvpfyarmpnigabqxq99890645157466.in
qzgsmvzdvnxvwztxodleaghzfblwammahvpltxbccefgmpgvutlnekexoqqvpfyarmpnigabqxq415506183473508.in
qzgsmvzdvnxvwztxodleaghzfblwammahvpltxbccefgmpgvutlnekexoqqvpfyarmpnigabqxq415723656472108.in
qzgsmvzdvnxvwztxodleaghzfblwammahvpltxbccefgmpgvutlnekexoqqvpfyarmpnigabqxq455236850384339.in
qzgsmvzdvnxvwztxodleaghzfblwammahvpltxbccefgmpgvutlnekexoqqvpfyarmpnigabqxq466824736260565.in
qzgsmvzdvnxvwztxodleaghzfblwammahvpltxbccefgmpgvutlnekexoqqvpfyarmpnigabqxq535883099906638.in
qzgsmvzdvnxvwztxodleaghzfblwammahvpltxbccefgmpgvutlnekexoqqvpfyarmpnigabqxq885526528194746.in
qzgsmvzdvnxvwztxodleaghzfblwammahvpltxbccefgmpgvutlnekexoqqvpfyarmpnigabqxq1881430409387274.in
qzgsmvzdvnxvwztxodleaghzfblwammahvpltxbccefgmpgvutlnekexoqqvpfyarmpnigabqxq5895279154282664.in
qzgsmvzdvnxvwztxodleaghzfblwammahvpltxbccefgmpgvutlnekexoqqvpfyarmpnigabqxq6478870168504577.in
qzgsmvzdvnxvwztxodleaghzfblwammahvpltxbccefgmpgvutlnekexoqqvpfyarmpnigabqxq14888747849822292.in
qzgsmvzdvnxvwztxodleaghzfblwammahvpltxbccefgmpgvutlnekexoqqvpfyarmpnigabqxq56903267348928866.in
qzgsmvzdvnxvwztxodleaghzfblwammahvpltxbccefgmpgvutlnekexoqqvpfyarmpnigabqxq58534663791756410.in
qzgsmvzdvnxvwztxodleaghzfblwammahvpltxbccefgmpgvutlnekexoqqvpfyarmpnigabqxq68259482053779622.in
qzgsmvzdvnxvwztxodleaghzfblwammahvpltxbccefgmpgvutlnekexoqqvpfyarmpnigabqxq90571588931919554.in
qzgsmvzdvnxvwztxodleaghzfblwammahvpltxbccefgmpgvutlnekexoqqvpfyarmpnigabqxq98222152548363440.in
qzgsmvzdvnxvwztxodleaghzfblwammahvpltxbccefgmpgvutlnekexoqqvpfyarmpnigabqxq186539938372789969.in
qzgsmvzdvnxvwztxodleaghzfblwammahvpltxbccefgmpgvutlnekexoqqvpfyarmpnigabqxq274636957589859895.in
qzgsmvzdvnxvwztxodleaghzfblwammahvpltxbccefgmpgvutlnekexoqqvpfyarmpnigabqxq520473472354574569.in
qzgsmvzdvnxvwztxodleaghzfblwammahvpltxbccefgmpgvutlnekexoqqvpfyarmpnigabqxq577826323511847261.in
qzgsmvzdvnxvwztxodleaghzfblwammahvpltxbccefgmpgvutlnekexoqqvpfyarmpnigabqxq628189409212925366.in
qzgsmvzdvnxvwztxodleaghzfblwammahvpltxbccefgmpgvutlnekexoqqvpfyarmpnigabqxq730154043678536319.in
qzgsmvzdvnxvwztxodleaghzfblwammahvpltxbccefgmpgvutlnekexoqqvpfyarmpnigabqxq806097356046370214.in
qzgsmvzdvnxvwztxodleaghzfblwammahvpltxbccefgmpgvutlnekexoqqvpfyarmpnigabqxq874311583202229560.in
qzgsmvzdvnxvwztxodleaghzfblwammahvpltxbccefgmpgvutlnekexoqqvpfyarmpnigabqxq905625884803479152.in
qzgsmvzdvnxvwztxodleaghzfblwammahvpltxbccefgmpgvutlnekexoqqvpfyarmpnigabqxq916202153903567136.in
qzgsmvzdvnxvwztxodleaghzfblwammahvpltxbccefgmpgvutlnekexoqqvpfyarmpnigabqxq3268342401641210217.in
qzgsmvzdvnxvwztxodleaghzfblwammahvpltxbccefgmpgvutlnekexoqqvpfyarmpnigabqxq6018029258560232598.in
qzgsmvzdvnxvwztxodleaghzfblwammahvpltxbccefgmpgvutlnekexoqqvpfyarmpnigabqxq6623211622028477029.in
qzgsmvzdvnxvwztxodleaghzfblwammahvpltxbccefgmpgvutlnekexoqqvpfyarmpnigabqxq8246686385419103384.in
qzgsmvzdvnxvwztxodleaghzfblwammahvpltxbccefgmpgvutlnekexoqqvpfyarmpnigabqxq20160842470140780356.in
qzgsmvzdvnxvwztxodleaghzfblwammahvpltxbccefgmpgvutlnekexoqqvpfyarmpnigabqxq23634428858918407170.in
qzgsmvzdvnxvwztxodleaghzfblwammahvpltxbccefgmpgvutlnekexoqqvpfyarmpnigabqxq55044512763087248615.in
