kvceurcewigwbiejlksrgjghclttavaieidjtetpojqrydjlbcagktpotqhakhlgcfczzekmrhfwgngblcxocjjojix1.in
kvceurcewigwbiejlksrgjghclttavaieidjtetpojqrydjlbcagktpotqhakhlgcfczzekmrhfwgngblcxocjjojix3.in
kvceurcewigwbiejlksrgjghclttavaieidjtetpojqrydjlbcagktpotqhakhlgcfczzekmrhfwgngblcxocjjojix8.in
kvceurcewigwbiejlksrgjghclttavaieidjtetpojqrydjlbcagktpotqhakhlgcfczzekmrhfwgngblcxocjjojix24.in
kvceurcewigwbiejlksrgjghclttavaieidjtetpojqrydjlbcagktpotqhakhlgcfczzekmrhfwgngblcxocjjojix48.in
kvceurcewigwbiejlksrgjghclttavaieidjtetpojqrydjlbcagktpotqhakhlgcfczzekmrhfwgngblcxocjjojix58.in
kvceurcewigwbiejlksrgjghclttavaieidjtetpojqrydjlbcagktpotqhakhlgcfczzekmrhfwgngblcxocjjojix84.in
kvceurcewigwbiejlksrgjghclttavaieidjtetpojqrydjlbcagktpotqhakhlgcfczzekmrhfwgngblcxocjjojix90.in
kvceurcewigwbiejlksrgjghclttavaieidjtetpojqrydjlbcagktpotqhakhlgcfczzekmrhfwgngblcxocjjojix1705.in
kvceurcewigwbiejlksrgjghclttavaieidjtetpojqrydjlbcagktpotqhakhlgcfczzekmrhfwgngblcxocjjojix5093.in
